
=== [14:01:01] Batch 'data' started. Log: output/rebuild_batches/data_20260825_140101.log ===

=== [14:01:01] START 02_targets_data ===
Batch 'data': rebuilding 9 targets.
  trade_data_goods, trade_data_goods_ranked, synth_data, synth_data_baseline, synth_data_extended, synth_fit, synth_fit_baseline, synth_fit_latam, synth_fit_no_time_varying_covariates
here() starts at /Users/manoelgaldino/Documents/DCP/Papers/RDD Trade/red_trade
→ de-duplicating /Users/manoelgaldino/Documents/DCP/Papers/RDD Trade/red_trade/…
→ reading /Users/manoelgaldino/Documents/DCP/Papers/RDD Trade/red_trade/_target…
→ parsing /Users/manoelgaldino/Documents/DCP/Papers/RDD Trade/red_trade/_target…
→ noting builders and branches
→ parsing /Users/manoelgaldino/Documents/DCP/Papers/RDD Trade/red_trade/_target…
→ restricting metadata records
→ querying 299 local files in /Users/manoelgaldino/Documents/DCP/Papers/RDD Tra…
→ parsing /Users/manoelgaldino/Documents/DCP/Papers/RDD Trade/red_trade/_target…
+ synth_data_extended dispatched
→ 30 targets ■■■■■■■■■■■■■■■■■■■■■■■■■■       [3.5s, 1+, 24-]
✔ synth_data_extended completed [365ms, 156.62 kB]
→ 30 targets ■■■■■■■■■■■■■■■■■■■■■■■■■■       [3.5s, 1+, 24-]→ de-duplicating /Users/manoelgaldino/Documents/DCP/Papers/RDD Trade/red_trade/…
→ 30 targets ■■■■■■■■■■■■■■■■■■■■■■■■■■       [3.5s, 1+, 24-]→ 30 targets ■■■■■■■■■■■■■■■■■■■■■■■■■■■■■■■  [3.6s, 1+, 29-]
✔ ended pipeline [4.3s, 1 completed, 29 skipped]
Warning messages:
1: package ‘ggplot2’ was built under R version 4.4.3 
2: package ‘did’ was built under R version 4.4.3 
3: package ‘fect’ was built under R version 4.4.3 
4: package ‘PanelMatch’ was built under R version 4.4.3 

=== [14:01:19] OK    02_targets_data ===

=== [14:01:19] START 02b_donor_pool_invariant ===
Donor-pool eligibility invariant (screen must match the goods-based treatment definition)

synth_data: 96 units (95 donors), 1997-2016
  goods-panel coverage of donors: 95/95
  no donor is China-top in goods anywhere in the window

synth_data_baseline: 96 units (95 donors), 1997-2016
  goods-panel coverage of donors: 95/95
  no donor is China-top in goods anywhere in the window

synth_data_extended: 89 units (88 donors), 1997-2019
  goods-panel coverage of donors: 88/88
  no donor is China-top in goods anywhere in the window

All donor-pool invariants hold.

=== [14:01:25] OK    02b_donor_pool_invariant ===

=== [14:01:25] Batch 'data' finished in 0m24s. ===
